[2025-05-26 18:49:59] [INFO] 프리덤 🧭님의 투표 상태가 '불참'로 업데이트되었습니다. (순번: 없음)
[2025-05-26 18:52:12] [INFO] 프리덤 🧭님의 투표 상태가 '참여'로 업데이트되었습니다. (순번: 1)
[2025-05-26 19:29:18] [INFO] 사용자 처리 시작...
[2025-05-26 19:29:22] [INFO] 사용자 처리 완료 (4.795초 소요)
[2025-05-26 19:29:23] [INFO] 테스트 모드에서 투표 메시지가 생성되었습니다 (ephemeral)
[2025-05-26 19:29:23] [INFO] 투표가 시작되었습니다. 54명의 멤버가 초기화되었습니다.
[2025-05-26 19:29:24] [INFO] [GANG] 연 참여 처리 완료
[2025-05-26 19:29:26] [INFO] 프리덤 🧭 : btnTrue - 2025-05-26 19:29:26
[2025-05-26 19:29:27] [INFO] 현재 상태: 미투표
[2025-05-26 19:29:27] [INFO] 프리덤 🧭님의 투표 상태가 '참여'로 업데이트되었습니다. (순번: 1)
[2025-05-26 19:29:37] [INFO] 프리덤 🧭 : btnFirstTrue - 2025-05-26 19:29:37
[2025-05-26 19:29:38] [INFO] 현재 상태: 참여
[2025-05-26 19:29:39] [INFO] 프리덤 🧭님의 투표 상태가 '우선참여'로 업데이트되었습니다. (순번: 2)
[2025-05-26 19:30:07] [INFO] 프리덤 🧭 : btnFalse - 2025-05-26 19:30:07
[2025-05-26 19:30:08] [INFO] 현재 상태: 우선참여
[2025-05-26 19:30:10] [INFO] 프리덤 🧭님의 투표 상태가 '불참'로 업데이트되었습니다. (순번: 없음)
[2025-06-24 11:48:02] [INFO] 사용자 처리 시작...
[2025-06-24 11:48:07] [INFO] 사용자 처리 완료 (5.464초 소요)
[2025-06-24 11:48:07] [ERROR] 투표 초기화 중 오류 발생: Invalid Form Body
components[0].components[BASE_TYPE_BAD_LENGTH]: Must be between 1 and 5 in length.
[2025-06-24 11:48:09] [INFO] [GANG] 연 참여 처리 완료
[2025-06-24 12:09:59] [INFO] 사용자 처리 시작...
[2025-06-24 12:10:04] [INFO] 사용자 처리 완료 (4.838초 소요)
[2025-06-24 12:10:04] [INFO] 테스트 모드에서 투표 메시지가 생성되었습니다 (ephemeral)
[2025-06-24 12:10:04] [INFO] 투표가 시작되었습니다. 52명의 멤버가 초기화되었습니다.
[2025-06-24 12:10:06] [INFO] [GANG] 연 참여 처리 완료
[2025-06-24 12:10:08] [INFO] 프리덤 🧭 : btnResultByGuild - 2025-06-24 12:10:08
[2025-06-24 12:11:17] [INFO] 프리덤 🧭 : btnResultParticipated - 2025-06-24 12:11:17
[2025-06-24 12:11:58] [ERROR] 투표 종료 중 오류 발생:
[2025-06-24 12:13:21] [INFO] 사용자 처리 시작...
[2025-06-24 12:13:26] [INFO] 사용자 처리 완료 (4.925초 소요)
[2025-06-24 12:13:26] [INFO] 테스트 모드에서 투표 메시지가 생성되었습니다 (ephemeral)
[2025-06-24 12:13:26] [INFO] 투표가 시작되었습니다. 52명의 멤버가 초기화되었습니다.
[2025-06-24 12:13:28] [INFO] [GANG] 연 참여 처리 완료
[2025-06-24 12:13:30] [INFO] 프리덤 🧭 : btnResultByGuild - 2025-06-24 12:13:30
[2025-06-24 12:14:54] [INFO] 프리덤 🧭 : btnResultByGuild - 2025-06-24 12:14:54
[2025-06-24 12:15:28] [ERROR] 투표 종료 중 오류 발생:
[2025-06-24 12:15:40] [INFO] 사용자 처리 시작...
[2025-06-24 12:15:45] [INFO] 사용자 처리 완료 (4.987초 소요)
[2025-06-24 12:15:46] [INFO] 테스트 모드에서 투표 메시지가 생성되었습니다 (ephemeral)
[2025-06-24 12:15:46] [INFO] 투표가 시작되었습니다. 52명의 멤버가 초기화되었습니다.
[2025-06-24 12:15:47] [INFO] [GANG] 연 참여 처리 완료
[2025-06-24 12:15:48] [INFO] 프리덤 🧭 : btnTrue - 2025-06-24 12:15:48
[2025-06-24 12:15:48] [INFO] 현재 상태: 미투표
[2025-06-24 12:15:48] [INFO] 프리덤 🧭님의 투표 상태가 '참여'로 업데이트되었습니다. (순번: 1)
[2025-06-24 12:15:51] [INFO] 프리덤 🧭 : btnResultParticipated - 2025-06-24 12:15:51
[2025-06-24 12:15:55] [INFO] 프리덤 🧭 : btnResultByGuild - 2025-06-24 12:15:55
[2025-06-24 12:16:16] [ERROR] 투표 종료 중 오류 발생:
[2025-06-24 12:19:06] [INFO] 사용자 처리 시작...
[2025-06-24 12:19:11] [INFO] 사용자 처리 완료 (4.64초 소요)
[2025-06-24 12:19:12] [INFO] 테스트 모드에서 투표 메시지가 생성되었습니다 (ephemeral)
[2025-06-24 12:19:12] [INFO] 투표가 시작되었습니다. 52명의 멤버가 초기화되었습니다.
[2025-06-24 12:19:13] [INFO] [GANG] 연 참여 처리 완료
[2025-06-24 12:19:15] [INFO] 프리덤 🧭 : btnFirstTrue - 2025-06-24 12:19:15
[2025-06-24 12:19:15] [INFO] 현재 상태: 미투표
[2025-06-24 12:19:16] [INFO] 프리덤 🧭님의 투표 상태가 '우선참여'로 업데이트되었습니다. (순번: 1)
[2025-06-24 12:19:17] [INFO] 프리덤 🧭 : btnResultParticipated - 2025-06-24 12:19:17
[2025-06-24 12:19:26] [INFO] 프리덤 🧭 : btnResultByGuild - 2025-06-24 12:19:26
[2025-06-24 12:20:14] [INFO] 프리덤 🧭 : btnResultNotParticipated - 2025-06-24 12:20:14
[2025-06-24 12:21:01] [ERROR] 투표 종료 중 오류 발생:
[2025-06-24 12:21:29] [INFO] 사용자 처리 시작...
[2025-06-24 12:21:34] [INFO] 사용자 처리 완료 (5.166초 소요)
[2025-06-24 12:21:35] [INFO] 테스트 모드에서 투표 메시지가 생성되었습니다 (ephemeral)
[2025-06-24 12:21:35] [INFO] 투표가 시작되었습니다. 52명의 멤버가 초기화되었습니다.
[2025-06-24 12:21:37] [INFO] [GANG] 연 참여 처리 완료
[2025-06-24 12:21:37] [INFO] 프리덤 🧭 : btnResultByGuild - 2025-06-24 12:21:37
[2025-06-24 12:27:49] [ERROR] 투표 종료 중 오류 발생:
[2025-06-24 12:30:39] [INFO] 사용자 처리 시작...
[2025-06-24 12:30:44] [INFO] 사용자 처리 완료 (5.047초 소요)
[2025-06-24 12:30:44] [INFO] 테스트 모드에서 투표 메시지가 생성되었습니다 (ephemeral)
[2025-06-24 12:30:44] [INFO] 투표가 시작되었습니다. 52명의 멤버가 초기화되었습니다.
[2025-06-24 12:30:46] [INFO] [GANG] 연 참여 처리 완료
[2025-06-24 12:30:48] [INFO] 프리덤 🧭 : btnResultByGuild - 2025-06-24 12:30:48
[2025-06-24 12:30:53] [INFO] 프리덤 🧭 : btnTrue - 2025-06-24 12:30:53
[2025-06-24 12:30:53] [INFO] 현재 상태: 미투표
[2025-06-24 12:30:53] [INFO] 프리덤 🧭님의 투표 상태가 '참여'로 업데이트되었습니다. (순번: 1)
[2025-06-24 12:30:54] [INFO] 프리덤 🧭 : btnResultByGuild - 2025-06-24 12:30:54
[2025-06-24 12:30:58] [INFO] 프리덤 🧭 : btnFirstTrue - 2025-06-24 12:30:58
[2025-06-24 12:30:58] [INFO] 현재 상태: 참여
[2025-06-24 12:31:01] [INFO] 프리덤 🧭님의 투표 상태가 '우선참여'로 업데이트되었습니다. (순번: 2)
[2025-06-24 12:31:03] [INFO] 프리덤 🧭 : btnResultByGuild - 2025-06-24 12:31:03
[2025-06-24 12:31:41] [ERROR] 투표 종료 중 오류 발생:
[2025-06-24 12:32:33] [INFO] 사용자 처리 시작...
[2025-06-24 12:32:38] [INFO] 사용자 처리 완료 (4.864초 소요)
[2025-06-24 12:32:39] [INFO] 테스트 모드에서 투표 메시지가 생성되었습니다 (ephemeral)
[2025-06-24 12:32:39] [INFO] 투표가 시작되었습니다. 52명의 멤버가 초기화되었습니다.
[2025-06-24 12:32:40] [INFO] 프리덤 🧭 : btnTrue - 2025-06-24 12:32:40
[2025-06-24 12:32:40] [INFO] [GANG] 연 참여 처리 완료
[2025-06-24 12:32:41] [INFO] 현재 상태: 미투표
[2025-06-24 12:32:41] [INFO] 프리덤 🧭님의 투표 상태가 '참여'로 업데이트되었습니다. (순번: 1)
[2025-06-24 12:32:45] [INFO] 프리덤 🧭 : btnResultByGuild - 2025-06-24 12:32:45
[2025-06-24 12:32:48] [INFO] 프리덤 🧭 : btnResultParticipated - 2025-06-24 12:32:48
[2025-06-24 12:33:05] [ERROR] 투표 종료 중 오류 발생:
[2025-06-25 23:37:16] [INFO] 사용자 처리 시작...
[2025-06-25 23:37:21] [INFO] 사용자 처리 완료 (4.706초 소요)
[2025-06-25 23:37:22] [INFO] 테스트 모드에서 투표 메시지가 생성되었습니다 (ephemeral)
[2025-06-25 23:37:22] [INFO] 투표가 시작되었습니다. 52명의 멤버가 초기화되었습니다.
[2025-06-25 23:37:23] [INFO] [GANG] 연이(전자이) 참여 처리 완료
[2025-06-25 23:37:32] [INFO] 프리덤 🧭 : btnResultByGuild - 2025-06-25 23:37:32
[2025-06-25 23:37:36] [INFO] 프리덤 🧭 : btnResultParticipated - 2025-06-25 23:37:36
[2025-06-25 23:37:41] [INFO] 프리덤 🧭 : btnResultNotParticipated - 2025-06-25 23:37:41
[2025-06-25 23:37:44] [INFO] 프리덤 🧭 : btnFirstTrue - 2025-06-25 23:37:44
[2025-06-25 23:37:45] [INFO] 현재 상태: 미투표
[2025-06-25 23:37:45] [INFO] 프리덤 🧭님의 투표 상태가 '우선참여'로 업데이트되었습니다. (순번: 1)
[2025-06-25 23:37:48] [INFO] 프리덤 🧭 : btnResultNotParticipated - 2025-06-25 23:37:48
[2025-06-25 23:37:51] [INFO] 프리덤 🧭 : btnResultByGuild - 2025-06-25 23:37:51
[2025-06-25 23:37:54] [INFO] 프리덤 🧭 : btnResultParticipated - 2025-06-25 23:37:54
[2025-06-25 23:45:24] [INFO] 프리덤 🧭 : btnResultByGuild - 2025-06-25 23:45:24
[2025-06-25 23:47:22] [ERROR] 일반 참여 버튼 활성화 중 오류 발생: Missing Access
[2025-06-25 23:57:20] [ERROR] 투표 종료 중 오류 발생:
[2025-06-25 23:58:24] [INFO] 사용자 처리 시작...
[2025-06-25 23:58:28] [INFO] 사용자 처리 완료 (4.636초 소요)
[2025-06-25 23:58:29] [INFO] 테스트 모드에서 투표 메시지가 생성되었습니다 (ephemeral)
[2025-06-25 23:58:29] [INFO] 투표가 시작되었습니다. 52명의 멤버가 초기화되었습니다.
[2025-06-25 23:58:31] [INFO] [GANG] 연이(전자이) 참여 처리 완료
[2025-06-25 23:58:45] [INFO] 프리덤 🧭 : btnResultNotParticipated - 2025-06-25 23:58:45
[2025-06-25 23:58:50] [INFO] 프리덤 🧭 : btnFirstTrue - 2025-06-25 23:58:50
[2025-06-25 23:58:50] [INFO] 현재 상태: 미투표
[2025-06-25 23:58:50] [INFO] 프리덤 🧭님의 투표 상태가 '우선참여'로 업데이트되었습니다. (순번: 1)
[2025-06-25 23:58:53] [INFO] 프리덤 🧭 : btnResultParticipated - 2025-06-25 23:58:53
[2025-06-25 23:59:29] [ERROR] 일반 참여 버튼 활성화 중 오류 발생: Missing Access
[2025-06-25 23:59:52] [ERROR] 투표 종료 중 오류 발생:
[2025-06-26 00:12:06] [INFO] 사용자 처리 시작...
[2025-06-26 00:12:10] [INFO] 사용자 처리 완료 (4.593초 소요)
[2025-06-26 00:12:11] [INFO] 테스트 모드에서 투표 메시지가 생성되었습니다 (ephemeral)
[2025-06-26 00:12:11] [INFO] 투표가 시작되었습니다. 52명의 멤버가 초기화되었습니다.
[2025-06-26 00:12:13] [INFO] [GANG] 연이(전자이) 참여 처리 완료
[2025-06-26 00:12:14] [INFO] 프리덤 🧭 : btnResultByGuild - 2025-06-26 00:12:14
[2025-06-26 00:12:17] [INFO] 프리덤 🧭 : btnFirstTrue - 2025-06-26 00:12:17
[2025-06-26 00:12:18] [INFO] 현재 상태: 미투표
[2025-06-26 00:12:18] [INFO] 프리덤 🧭님의 투표 상태가 '우선참여'로 업데이트되었습니다. (순번: 1)
[2025-06-26 00:12:20] [INFO] 프리덤 🧭 : btnResultNotParticipated - 2025-06-26 00:12:20
[2025-06-26 00:12:25] [INFO] 프리덤 🧭 : btnResultParticipated - 2025-06-26 00:12:25
[2025-06-26 00:13:11] [INFO] 일반 참여 버튼이 활성화되었습니다.
[2025-06-26 00:13:13] [INFO] SR : btnTrue - 2025-06-26 00:13:13
[2025-06-26 00:13:14] [INFO] 현재 상태: 미투표
[2025-06-26 00:13:14] [INFO] SR님의 투표 상태가 '참여'로 업데이트되었습니다. (순번: 2)
[2025-06-26 00:13:17] [INFO] SR : btnResultParticipated - 2025-06-26 00:13:17
[2025-06-26 00:13:22] [INFO] SR : btnResultByGuild - 2025-06-26 00:13:22
[2025-06-26 00:13:27] [INFO] 프리덤 🧭 : btnResultByGuild - 2025-06-26 00:13:27
[2025-06-26 00:13:28] [INFO] SR : btnResultParticipated - 2025-06-26 00:13:28
[2025-06-26 00:13:30] [INFO] 프리덤 🧭 : btnResultParticipated - 2025-06-26 00:13:30
[2025-06-26 00:13:36] [INFO] SR : btnResultParticipated - 2025-06-26 00:13:36
[2025-06-26 00:13:43] [INFO] SR : btnResultParticipated - 2025-06-26 00:13:43
[2025-06-26 00:13:56] [INFO] 프리덤 🧭 : btnResultByGuild - 2025-06-26 00:13:56
[2025-06-26 00:13:59] [INFO] 프리덤 🧭 : btnResultParticipated - 2025-06-26 00:13:59
[2025-06-26 00:14:02] [INFO] 프리덤 🧭 : btnResultParticipated - 2025-06-26 00:14:02
[2025-06-26 00:14:20] [INFO] 프리덤 🧭 : btnTrue - 2025-06-26 00:14:20
[2025-06-26 00:14:20] [INFO] 현재 상태: 우선참여
[2025-06-26 00:14:26] [INFO] 88. 귀옥이🧭 : btnTrue - 2025-06-26 00:14:26
[2025-06-26 00:14:27] [INFO] 현재 상태: 미투표
[2025-06-26 00:14:27] [INFO] 88. 귀옥이🧭님의 투표 상태가 '참여'로 업데이트되었습니다. (순번: 3)
[2025-06-26 00:14:28] [INFO] 88. 귀옥이🧭 : btnResultParticipated - 2025-06-26 00:14:28
[2025-06-26 00:16:14] [INFO] 프리덤 🧭 : btnResultParticipated - 2025-06-26 00:16:14
[2025-06-26 00:20:22] [INFO] 프리덤 🧭 : btnTrue - 2025-06-26 00:20:22
[2025-06-26 00:20:22] [INFO] 현재 상태: 우선참여
[2025-06-26 00:20:23] [INFO] 프리덤 🧭님의 투표 상태가 '참여'로 업데이트되었습니다. (순번: 4)
[2025-06-26 00:20:26] [INFO] 프리덤 🧭 : btnResultParticipated - 2025-06-26 00:20:26
[2025-06-26 00:20:35] [ERROR] 투표 종료 중 오류 발생:
[2025-06-26 00:20:37] [INFO] 프리덤 🧭 : btnTrue - 2025-06-26 00:20:37
[2025-06-26 00:20:38] [INFO] 투표 종료로 요청 거절됨
[2025-06-26 00:20:42] [INFO] 프리덤 🧭 : btnResultParticipated - 2025-06-26 00:20:42
[2025-06-26 00:21:32] [INFO] 사용자 처리 시작...
[2025-06-26 00:21:37] [INFO] 사용자 처리 완료 (4.587초 소요)
[2025-06-26 00:21:37] [INFO] 테스트 모드에서 투표 메시지가 생성되었습니다 (ephemeral)
[2025-06-26 00:21:37] [INFO] 투표가 시작되었습니다. 52명의 멤버가 초기화되었습니다.
[2025-06-26 00:21:39] [INFO] [GANG] 연이(전자이) 참여 처리 완료
[2025-06-26 00:21:47] [INFO] 프리덤 🧭 : btnResultParticipated - 2025-06-26 00:21:47
[2025-06-26 00:21:50] [INFO] 프리덤 🧭 : btnFirstTrue - 2025-06-26 00:21:50
[2025-06-26 00:21:51] [INFO] 현재 상태: 미투표
[2025-06-26 00:21:51] [INFO] 프리덤 🧭님의 투표 상태가 '우선참여'로 업데이트되었습니다. (순번: 1)
[2025-06-26 00:21:54] [INFO] 프리덤 🧭 : btnResultParticipated - 2025-06-26 00:21:54
[2025-06-26 00:22:33] [INFO] 프리덤 🧭 : btnResultParticipated - 2025-06-26 00:22:33
[2025-06-26 00:22:38] [INFO] 일반 참여 버튼이 활성화되었습니다.
[2025-06-26 00:22:40] [INFO] 프리덤 🧭 : btnTrue - 2025-06-26 00:22:40
[2025-06-26 00:22:41] [INFO] 현재 상태: 우선참여
[2025-06-26 00:22:41] [INFO] 프리덤 🧭님의 투표 상태가 '참여'로 업데이트되었습니다. (순번: 2)
[2025-06-26 00:22:43] [INFO] 프리덤 🧭 : btnResultParticipated - 2025-06-26 00:22:43
[2025-06-26 00:25:27] [INFO] 프리덤 🧭 : btnResultByGuild - 2025-06-26 00:25:27
[2025-06-26 00:25:31] [INFO] 프리덤 🧭 : btnResultParticipated - 2025-06-26 00:25:31
[2025-06-26 00:25:34] [INFO] 프리덤 🧭 : btnResultNotParticipated - 2025-06-26 00:25:34
[2025-06-26 00:25:42] [INFO] 프리덤 🧭 : btnResultParticipated - 2025-06-26 00:25:42
[2025-06-26 00:25:57] [ERROR] 투표 종료 중 오류 발생:
