[2025-06-24 11:48:07] [ERROR] 투표 초기화 중 오류 발생: Invalid Form Body
components[0].components[BASE_TYPE_BAD_LENGTH]: Must be between 1 and 5 in length.
[2025-06-24 12:11:58] [ERROR] 투표 종료 중 오류 발생:
[2025-06-24 12:15:28] [ERROR] 투표 종료 중 오류 발생:
[2025-06-24 12:16:16] [ERROR] 투표 종료 중 오류 발생:
[2025-06-24 12:21:01] [ERROR] 투표 종료 중 오류 발생:
[2025-06-24 12:27:49] [ERROR] 투표 종료 중 오류 발생:
[2025-06-24 12:31:41] [ERROR] 투표 종료 중 오류 발생:
[2025-06-24 12:33:05] [ERROR] 투표 종료 중 오류 발생:
[2025-06-25 23:47:22] [ERROR] 일반 참여 버튼 활성화 중 오류 발생: Missing Access
[2025-06-25 23:57:20] [ERROR] 투표 종료 중 오류 발생:
[2025-06-25 23:59:29] [ERROR] 일반 참여 버튼 활성화 중 오류 발생: Missing Access
[2025-06-25 23:59:52] [ERROR] 투표 종료 중 오류 발생:
[2025-06-26 00:20:35] [ERROR] 투표 종료 중 오류 발생:
[2025-06-26 00:25:57] [ERROR] 투표 종료 중 오류 발생:
[2025-06-26 20:46:58] [ERROR] 참여 활성화 10초 전 알림 전송 중 오류: Missing Access
[2025-06-26 20:56:23] [ERROR] 투표 종료 중 오류 발생:
[2025-06-26 21:06:39] [ERROR] 참여 활성화 10초 전 알림 전송 중 오류: channel.send is not a function
[2025-06-26 21:07:02] [ERROR] 투표 종료 중 오류 발생:
[2025-06-26 21:12:37] [ERROR] 투표 초기화 중 오류 발생: sendDiscordMessage is not defined
[2025-06-26 21:18:07] [ERROR] 투표 종료 중 오류 발생:
[2025-06-26 21:18:43] [ERROR] 투표 종료 중 오류 발생:
[2025-06-26 21:24:03] [ERROR] 투표 초기화 중 오류 발생: Missing Access
[2025-06-26 21:30:55] [ERROR] 투표 초기화 중 오류 발생: Missing Access
[2025-06-26 21:44:28] [ERROR] 투표 종료 중 오류 발생:
[2025-06-26 21:55:23] [ERROR] 투표 종료 중 오류 발생:
[2025-06-26 22:12:01] [ERROR] 투표 종료 중 오류 발생:
